[debug] [2025-07-09T03:26:03.926Z] ----------------------------------------------------------------------
[debug] [2025-07-09T03:26:03.928Z] Command:       /usr/local/bin/node /usr/local/bin/firebase deploy --only hosting:drcloud-9749f
[debug] [2025-07-09T03:26:03.928Z] CLI Version:   13.30.0
[debug] [2025-07-09T03:26:03.929Z] Platform:      darwin
[debug] [2025-07-09T03:26:03.929Z] Node Version:  v20.18.0
[debug] [2025-07-09T03:26:03.929Z] Time:          Wed Jul 09 2025 08:56:03 GMT+0530 (India Standard Time)
[debug] [2025-07-09T03:26:03.929Z] ----------------------------------------------------------------------
[debug] 
[debug] [2025-07-09T03:26:04.015Z] > command requires scopes: ["email","openid","https://www.googleapis.com/auth/cloudplatformprojects.readonly","https://www.googleapis.com/auth/firebase","https://www.googleapis.com/auth/cloud-platform"]
[debug] [2025-07-09T03:26:04.016Z] > authorizing via signed-in user (pracash.venkata@gmail.com)
[debug] [2025-07-09T03:26:04.016Z] [iam] checking project drcloud-9749f for permissions ["firebase.projects.get","firebasehosting.sites.update"]
[debug] [2025-07-09T03:26:04.016Z] Checked if tokens are valid: true, expires at: 1752032954587
[debug] [2025-07-09T03:26:04.016Z] Checked if tokens are valid: true, expires at: 1752032954587
[debug] [2025-07-09T03:26:04.017Z] >>> [apiv2][query] POST https://cloudresourcemanager.googleapis.com/v1/projects/drcloud-9749f:testIamPermissions [none]
[debug] [2025-07-09T03:26:04.017Z] >>> [apiv2][(partial)header] POST https://cloudresourcemanager.googleapis.com/v1/projects/drcloud-9749f:testIamPermissions x-goog-quota-user=projects/drcloud-9749f
[debug] [2025-07-09T03:26:04.017Z] >>> [apiv2][body] POST https://cloudresourcemanager.googleapis.com/v1/projects/drcloud-9749f:testIamPermissions {"permissions":["firebase.projects.get","firebasehosting.sites.update"]}
[debug] [2025-07-09T03:26:05.384Z] <<< [apiv2][status] POST https://cloudresourcemanager.googleapis.com/v1/projects/drcloud-9749f:testIamPermissions 200
[debug] [2025-07-09T03:26:05.384Z] <<< [apiv2][body] POST https://cloudresourcemanager.googleapis.com/v1/projects/drcloud-9749f:testIamPermissions {"permissions":["firebase.projects.get","firebasehosting.sites.update"]}
[debug] [2025-07-09T03:26:05.384Z] Checked if tokens are valid: true, expires at: 1752032954587
[debug] [2025-07-09T03:26:05.384Z] Checked if tokens are valid: true, expires at: 1752032954587
[debug] [2025-07-09T03:26:05.384Z] >>> [apiv2][query] GET https://firebase.googleapis.com/v1beta1/projects/drcloud-9749f [none]
[debug] [2025-07-09T03:26:06.101Z] <<< [apiv2][status] GET https://firebase.googleapis.com/v1beta1/projects/drcloud-9749f 200
[debug] [2025-07-09T03:26:06.101Z] <<< [apiv2][body] GET https://firebase.googleapis.com/v1beta1/projects/drcloud-9749f {"projectId":"drcloud-9749f","projectNumber":"644130283443","displayName":"DrCloud","name":"projects/drcloud-9749f","resources":{"hostingSite":"drcloud-9749f"},"state":"ACTIVE","etag":"1_022847f0-5cfa-458c-a1d6-ef6e50f45e5a"}
[info] 
[info] === Deploying to 'drcloud-9749f'...
[info] 
[info] i  deploying hosting 
[debug] [2025-07-09T03:26:06.106Z] Checked if tokens are valid: true, expires at: 1752032954587
[debug] [2025-07-09T03:26:06.106Z] Checked if tokens are valid: true, expires at: 1752032954587
[debug] [2025-07-09T03:26:06.106Z] >>> [apiv2][query] POST https://firebasehosting.googleapis.com/v1beta1/projects/-/sites/drcloud-9749f/versions [none]
[debug] [2025-07-09T03:26:06.106Z] >>> [apiv2][body] POST https://firebasehosting.googleapis.com/v1beta1/projects/-/sites/drcloud-9749f/versions {"status":"CREATED","labels":{"deployment-tool":"cli-firebase"}}
[debug] [2025-07-09T03:26:07.534Z] <<< [apiv2][status] POST https://firebasehosting.googleapis.com/v1beta1/projects/-/sites/drcloud-9749f/versions 200
[debug] [2025-07-09T03:26:07.534Z] <<< [apiv2][body] POST https://firebasehosting.googleapis.com/v1beta1/projects/-/sites/drcloud-9749f/versions {"name":"projects/644130283443/sites/drcloud-9749f/versions/1c17544719204678","status":"CREATED","config":{},"labels":{"deployment-tool":"cli-firebase"}}
[info] i  hosting[drcloud-9749f]: beginning deploy... 
[info] i  hosting[drcloud-9749f]: found 24 files in dist 
[debug] [2025-07-09T03:26:07.552Z] [hosting] uploading with 200 concurrency
